{"timestamp": "2026-01-29T05:36:24.286881Z", "level": "INFO", "logger": "brand_voice_guardian", "message": "Content validation: test_001 - Score: 1.00", "module": "", "function": null, "line": 0}
{"timestamp": "2026-01-29T05:36:24.286881Z", "level": "INFO", "logger": "brand_voice_guardian", "message": "Content approved: test_001", "module": "", "function": null, "line": 0}
{"timestamp": "2026-01-29T05:36:27.205578Z", "level": "INFO", "logger": "brand_voice_guardian", "message": "Content validation: morning_greeting_20260128 - Score: 0.73", "module": "", "function": null, "line": 0}
{"timestamp": "2026-01-29T05:36:27.205578Z", "level": "WARNING", "logger": "brand_voice_guardian", "message": "Content flagged for review: morning_greeting_20260128", "module": "", "function": null, "line": 0}
{"timestamp": "2026-01-29T05:36:27.205578Z", "level": "WARNING", "logger": "brand_voice_guardian", "message": "Content flagged: morning_greeting_20260128 - Improve brand consistency - emphasize family values and authenticity", "module": "", "function": null, "line": 0}
{"timestamp": "2026-01-29T05:44:18.532427Z", "level": "INFO", "logger": "brand_voice_guardian", "message": "Content validation: test_001 - Score: 1.00", "module": "", "function": null, "line": 0}
{"timestamp": "2026-01-29T05:44:18.532427Z", "level": "WARNING", "logger": "brand_voice_guardian", "message": "Content flagged for review: test_001", "module": "", "function": null, "line": 0}
{"timestamp": "2026-01-29T05:44:18.532427Z", "level": "WARNING", "logger": "brand_voice_guardian", "message": "Content flagged: test_001 - Adjust tone - make more welcoming and conversational", "module": "", "function": null, "line": 0}
{"timestamp": "2026-01-29T05:44:21.684525Z", "level": "INFO", "logger": "brand_voice_guardian", "message": "Content validation: morning_greeting_20260128 - Score: 0.68", "module": "", "function": null, "line": 0}
{"timestamp": "2026-01-29T05:44:21.684525Z", "level": "WARNING", "logger": "brand_voice_guardian", "message": "Content flagged for review: morning_greeting_20260128", "module": "", "function": null, "line": 0}
{"timestamp": "2026-01-29T05:44:21.684525Z", "level": "WARNING", "logger": "brand_voice_guardian", "message": "Content flagged: morning_greeting_20260128 - Adjust tone - make more welcoming and conversational", "module": "", "function": null, "line": 0}
{"timestamp": "2026-01-29T05:49:07.057896Z", "level": "INFO", "logger": "brand_voice_guardian", "message": "Content validation: test - Score: 0.71", "module": "", "function": null, "line": 0}
{"timestamp": "2026-01-29T05:49:07.057896Z", "level": "WARNING", "logger": "brand_voice_guardian", "message": "Content flagged for review: test", "module": "", "function": null, "line": 0}
{"timestamp": "2026-01-29T05:49:07.065012Z", "level": "WARNING", "logger": "brand_voice_guardian", "message": "Content flagged: test - Minor adjustments needed - review and enhance Louisiana voice", "module": "", "function": null, "line": 0}
{"timestamp": "2026-01-29T05:52:45.663111Z", "level": "INFO", "logger": "brand_voice_guardian", "message": "Content validation: test_001 - Score: 1.00", "module": "", "function": null, "line": 0}
{"timestamp": "2026-01-29T05:52:45.663111Z", "level": "INFO", "logger": "brand_voice_guardian", "message": "Content approved: test_001", "module": "", "function": null, "line": 0}
{"timestamp": "2026-01-29T05:52:45.673583Z", "level": "WARNING", "logger": "brand_voice_guardian", "message": "Offensive term detected: hillbilly", "module": "", "function": null, "line": 0}
{"timestamp": "2026-01-29T05:52:48.282150Z", "level": "INFO", "logger": "brand_voice_guardian", "message": "Content validation: morning_greeting_20260128 - Score: 0.68", "module": "", "function": null, "line": 0}
{"timestamp": "2026-01-29T05:52:48.282150Z", "level": "WARNING", "logger": "brand_voice_guardian", "message": "Content flagged for review: morning_greeting_20260128", "module": "", "function": null, "line": 0}
{"timestamp": "2026-01-29T05:52:48.282150Z", "level": "WARNING", "logger": "brand_voice_guardian", "message": "Content flagged: morning_greeting_20260128 - Adjust tone - make more welcoming and conversational", "module": "", "function": null, "line": 0}
{"timestamp": "2026-01-29T05:53:28.667992Z", "level": "INFO", "logger": "brand_voice_guardian", "message": "Content validation: test_001 - Score: 1.00", "module": "", "function": null, "line": 0}
{"timestamp": "2026-01-29T05:53:28.668991Z", "level": "INFO", "logger": "brand_voice_guardian", "message": "Content approved: test_001", "module": "", "function": null, "line": 0}
{"timestamp": "2026-01-29T05:53:28.679956Z", "level": "WARNING", "logger": "brand_voice_guardian", "message": "Offensive term detected: hillbilly", "module": "", "function": null, "line": 0}
{"timestamp": "2026-01-29T05:53:31.268540Z", "level": "INFO", "logger": "brand_voice_guardian", "message": "Content validation: morning_greeting_20260128 - Score: 0.71", "module": "", "function": null, "line": 0}
{"timestamp": "2026-01-29T05:53:31.268540Z", "level": "WARNING", "logger": "brand_voice_guardian", "message": "Content flagged for review: morning_greeting_20260128", "module": "", "function": null, "line": 0}
{"timestamp": "2026-01-29T05:53:31.268540Z", "level": "WARNING", "logger": "brand_voice_guardian", "message": "Content flagged: morning_greeting_20260128 - Improve brand consistency - emphasize family values and authenticity", "module": "", "function": null, "line": 0}
{"timestamp": "2026-01-29T05:53:31.294540Z", "level": "INFO", "logger": "brand_voice_guardian", "message": "Content validation: test - Score: 0.71", "module": "", "function": null, "line": 0}
{"timestamp": "2026-01-29T05:53:31.294540Z", "level": "WARNING", "logger": "brand_voice_guardian", "message": "Content flagged for review: test", "module": "", "function": null, "line": 0}
{"timestamp": "2026-01-29T05:53:31.294540Z", "level": "WARNING", "logger": "brand_voice_guardian", "message": "Content flagged: test - Minor adjustments needed - review and enhance Louisiana voice", "module": "", "function": null, "line": 0}
